[1mCopyright 2015-2022 Ambarella Inc.[0m
[1mInitializing Ambarella Dag Emulation System(ADES) (libvdg Version: cv22.2.4.2.0.1073.ubu1804)[0m
ADES started @ /usr/local/amba-cv-tools-2.4.2.0.1073.ubuntu-18.04/cv22/tv2/release/VpRef/cv22.2.4.2.0.1073.ubu1804
home directory @ /home/xzy
ADES configuration: chip product = CV25
loading dag file (/dump/split4.dagbin)
dag file, /dump/split4.dagbin, is 1584 bytes long
operator (op0) of type, fastconvolution_operator_t (41), is constructed.
operator (op1) of type, shuffle_operator_t (224), is constructed.
operator (op2) of type, shuffle_operator_t (224), is constructed.
operator (op3) of type, minmax_operator_t (36), is constructed.
operator (op4) of type, minmax_operator_t (36), is constructed.
operator (op5) of type, shuffle_operator_t (224), is constructed.
operator (op6) of type, minmax_operator_t (36), is constructed.
operator (op7) of type, shuffle_operator_t (224), is constructed.
operator (op8) of type, minmax_operator_t (36), is constructed.
operator (op9) of type, shuffle_operator_t (224), is constructed.
operator (op10) of type, minmax_operator_t (36), is constructed.
operator (op11) of type, shuffle_operator_t (224), is constructed.
operator (op12) of type, minmax_operator_t (36), is constructed.
operator (op13) of type, merge_operator_t (64), is constructed.
operator (op14) of type, merge_operator_t (64), is constructed.
operator (op15) of type, merge_operator_t (64), is constructed.
operator (op16) of type, merge_operator_t (64), is constructed.
operator (op17) of type, fastconvolution_operator_t (41), is constructed.
operator (op18) of type, fastconvolution_operator_t (41), is constructed.
operator (op19) of type, resample_operator_t (43), is constructed.
operator (op20) of type, mux_operator_t (68), is constructed.
operator (op21) of type, fastconvolution_operator_t (41), is constructed.
operator (op22) of type, multiplyadd_operator_t (16), is constructed.
operator (op23) of type, multiplyadd_operator_t (16), is constructed.
operator (op24) of type, terminate_operator_t (255), is constructed.
Link from OP[0] Port 3 to OP[1] Port 0
Link from OP[0] Port 3 to OP[2] Port 0
Link from OP[0] Port 3 to OP[14] Port 0
Link from OP[1] Port 1 to OP[3] Port 0
Link from OP[2] Port 1 to OP[4] Port 0
Link from OP[5] Port 1 to OP[6] Port 0
Link from OP[7] Port 1 to OP[8] Port 0
Link from OP[9] Port 1 to OP[10] Port 0
Link from OP[10] Port 3 to OP[13] Port 0
Link from OP[11] Port 1 to OP[12] Port 0
Link from OP[12] Port 3 to OP[13] Port 1
Link from OP[13] Port 2 to OP[15] Port 1
Link from OP[14] Port 2 to OP[16] Port 0
Link from OP[15] Port 2 to OP[16] Port 1
Link from OP[16] Port 2 to OP[17] Port 0
Link from OP[17] Port 3 to OP[18] Port 0
Link from OP[18] Port 3 to OP[19] Port 0
Link from OP[19] Port 2 to OP[20] Port 1
Link from OP[20] Port 3 to OP[21] Port 0
Link from OP[21] Port 3 to OP[22] Port 2
[1mDagbin loader: Input Descriptor d0 (1x256x38x68)   ->(op23, V2)[0m
[1mDagbin loader: Input Descriptor d1 (1x83x19x34)   ->(op0, V0)[0m
[1mDagbin loader: Input Descriptor d2 (1x1x1x17796)   ->(op0, V1)[0m
[1mDagbin loader: Input Descriptor d3 (1x1x1x1348)   ->(op0, V2)[0m
[1mDagbin loader: Input Descriptor d4 (1x1x1x442932)   ->(op17, V1)[0m
[1mDagbin loader: Input Descriptor d5 (1x1x1x2560)   ->(op17, V2)[0m
[1mDagbin loader: Input Descriptor d6 (1x1x1x56284)   ->(op18, V1)[0m
[1mDagbin loader: Input Descriptor d7 (1x1x1x640)   ->(op18, V2)[0m
[1mDagbin loader: Input Descriptor d8 (1x1x1x4)   ->(op19, V1)[0m
[1mDagbin loader: Input Descriptor d9 (1x1x38x68)   ->(op20, V0)[0m
[1mDagbin loader: Input Descriptor d10 (1x1x1x1)   ->(op20, V2)[0m
[1mDagbin loader: Input Descriptor d11 (1x1x1x57440)   ->(op21, V1)[0m
[1mDagbin loader: Input Descriptor d12 (1x1x1x640)   ->(op21, V2)[0m
[1mDagbin loader: Input Descriptor d13 (1x1x1x1)   ->(op22, V0)[0m
[1mDagbin loader: Input Descriptor d14 (1x1x1x1)   ->(op23, V0)[0m
[1mDagbin loader: Input Descriptor d15 (1x256x19x34)   ->(op5, V0) ->(op7, V0) ->(op14, V1)[0m
[1mDagbin loader: Input Descriptor d16 (1x256x19x34)   ->(op9, V0) ->(op11, V0) ->(op15, V0)[0m
[1mDagbin loader: Input Descriptor d17 (1x384x38x68)  [0m
[1mDagbin loader: Output Descriptor op0_d3[0m
[1mDagbin loader: Output Descriptor op10_d3[0m
[1mDagbin loader: Output Descriptor op11_d1[0m
[1mDagbin loader: Output Descriptor op12_d3[0m
[1mDagbin loader: Output Descriptor op13_d2[0m
[1mDagbin loader: Output Descriptor op14_d2[0m
[1mDagbin loader: Output Descriptor op15_d2[0m
[1mDagbin loader: Output Descriptor op16_d2[0m
[1mDagbin loader: Output Descriptor op17_d3[0m
[1mDagbin loader: Output Descriptor op18_d3[0m
[1mDagbin loader: Output Descriptor op19_d2[0m
[1mDagbin loader: Output Descriptor op1_d1[0m
[1mDagbin loader: Output Descriptor op20_d3[0m
[1mDagbin loader: Output Descriptor op21_d3[0m
[1mDagbin loader: Output Descriptor op22_d3[0m
[1mDagbin loader: Output Descriptor op23_d3[0m
[1mDagbin loader: Output Descriptor op24_d0[0m
[1mDagbin loader: Output Descriptor op2_d1[0m
[1mDagbin loader: Output Descriptor op3_d3[0m
[1mDagbin loader: Output Descriptor op4_d3[0m
[1mDagbin loader: Output Descriptor op5_d1[0m
[1mDagbin loader: Output Descriptor op6_d3[0m
[1mDagbin loader: Output Descriptor op7_d1[0m
[1mDagbin loader: Output Descriptor op8_d3[0m
[1mDagbin loader: Output Descriptor op9_d1[0m
loading /dump/d0.bin to descriptor d0
loading /dump/d1.bin to descriptor d1
loading /dump/d2.bin to descriptor d2
loading /dump/d3.bin to descriptor d3
loading /dump/d4.bin to descriptor d4
loading /dump/d5.bin to descriptor d5
loading /dump/d6.bin to descriptor d6
loading /dump/d7.bin to descriptor d7
loading /dump/d8.bin to descriptor d8
loading /dump/d11.bin to descriptor d11
loading /dump/d12.bin to descriptor d12
Assign scalar data to op[20].port[2]
Assign scalar data to op[22].port[0]
Assign scalar data to op[23].port[0]
starting dag execution...
execute op: op0 (0)
Assign data to op[0].port[0]
Assign data to op[0].port[1]
Assign data to op[0].port[2]
m_output_depth: 256
number of kernel output channels: 256
node_id(0, 3), imode: 2
op (0) normalized fixed-point 8b MAC ops: hardware MACs/algorithmic MACs = 18244332/27452416
Operator node_fastconv_op(0) consumes 0.049
op (0) completed.
execute op: op1 (1)
node_id(1, 1), imode: 2
op (1) normalized float-point 8b MAC ops: hardware MACs/algorithmic MACs = 82688/82688
Operator node_shuffle_op(1) consumes 0.003
op (1) completed.
execute op: op3 (3)
node_id(3, 3), imode: 2
op (3) normalized float-point 8b MAC ops: hardware MACs/algorithmic MACs = 82688/82688
Operator node_minmax_op(3) consumes 0.014
op (3) completed.
execute op: op2 (2)
node_id(2, 1), imode: 2
op (2) normalized float-point 8b MAC ops: hardware MACs/algorithmic MACs = 82688/82688
Operator node_shuffle_op(2) consumes 0.002
op (2) completed.
execute op: op4 (4)
node_id(4, 3), imode: 2
op (4) normalized float-point 8b MAC ops: hardware MACs/algorithmic MACs = 82688/82688
Operator node_minmax_op(4) consumes 0.004
op (4) completed.
execute op: op5 (5)
Assign data to op[5].port[0]
Assign data to op[7].port[0]
Assign data to op[14].port[1]
node_id(5, 1), imode: 2
op (5) normalized float-point 8b MAC ops: hardware MACs/algorithmic MACs = 82688/82688
Operator node_shuffle_op(5) consumes 0.002
op (5) completed.
execute op: op6 (6)
node_id(6, 3), imode: 2
op (6) normalized float-point 8b MAC ops: hardware MACs/algorithmic MACs = 82688/82688
Operator node_minmax_op(6) consumes 0.004
op (6) completed.
execute op: op7 (7)
node_id(7, 1), imode: 2
op (7) normalized float-point 8b MAC ops: hardware MACs/algorithmic MACs = 82688/82688
Operator node_shuffle_op(7) consumes 0.001
op (7) completed.
execute op: op8 (8)
node_id(8, 3), imode: 2
op (8) normalized float-point 8b MAC ops: hardware MACs/algorithmic MACs = 82688/82688
Operator node_minmax_op(8) consumes 0.004
op (8) completed.
execute op: op9 (9)
Assign data to op[9].port[0]
Assign data to op[11].port[0]
Assign data to op[15].port[0]
node_id(9, 1), imode: 2
op (9) normalized float-point 8b MAC ops: hardware MACs/algorithmic MACs = 82688/82688
Operator node_shuffle_op(9) consumes 0.003
op (9) completed.
execute op: op10 (10)
node_id(10, 3), imode: 2
op (10) normalized float-point 8b MAC ops: hardware MACs/algorithmic MACs = 82688/82688
Operator node_minmax_op(10) consumes 0.003
op (10) completed.
execute op: op11 (11)
node_id(11, 1), imode: 2
op (11) normalized float-point 8b MAC ops: hardware MACs/algorithmic MACs = 82688/82688
Operator node_shuffle_op(11) consumes 0.001
op (11) completed.
execute op: op12 (12)
node_id(12, 3), imode: 2
op (12) normalized float-point 8b MAC ops: hardware MACs/algorithmic MACs = 82688/82688
Operator node_minmax_op(12) consumes 0.003
op (12) completed.
execute op: op13 (13)
node_id(13, 2), imode: 2
op (13) normalized float-point 8b MAC ops: hardware MACs/algorithmic MACs = 165376/165376
Operator node_merge_op(13) consumes 0.003
op (13) completed.
execute op: op15 (15)
node_id(15, 2), imode: 2
op (15) normalized float-point 8b MAC ops: hardware MACs/algorithmic MACs = 330752/330752
Operator node_merge_op(15) consumes 0.004
op (15) completed.
execute op: op14 (14)
node_id(14, 2), imode: 2
op (14) normalized float-point 8b MAC ops: hardware MACs/algorithmic MACs = 330752/330752
Operator node_merge_op(14) consumes 0.004
op (14) completed.
execute op: op16 (16)
node_id(16, 2), imode: 2
op (16) normalized float-point 8b MAC ops: hardware MACs/algorithmic MACs = 661504/661504
Operator node_merge_op(16) consumes 0.007
op (16) completed.
execute op: op17 (17)
Assign data to op[17].port[1]
Assign data to op[17].port[2]
m_output_depth: 507
number of kernel output channels: 507
node_id(17, 3), imode: 2
op (17) normalized fixed-point 8b MAC ops: hardware MACs/algorithmic MACs = 231422394/335382528
Operator node_fastconv_op(17) consumes 1.009
op (17) completed.
execute op: op18 (18)
Assign data to op[18].port[1]
Assign data to op[18].port[2]
m_output_depth: 128
number of kernel output channels: 128
node_id(18, 3), imode: 2
op (18) normalized fixed-point 8b MAC ops: hardware MACs/algorithmic MACs = 29476334/41922816
Operator node_fastconv_op(18) consumes 0.017
op (18) completed.
execute op: op19 (19)
Assign data to op[19].port[1]
node_id(19, 2), imode: 2
op (19) normalized float-point 8b MAC ops: hardware MACs/algorithmic MACs = 330752/330752
Operator node_resampler_op(19) consumes 0.008
op (19) completed.
execute op: op20 (20)
Operator(name: op20, type: node_mux_op, id: 20) has encountered an exception.
[1m[31m[error] an exception caught. reason: [0m[0m
[1m[assert] Failed to get data of an input vector (descriptor name: d9). (/home/cvdev/workspace/VpRef/src/ops/operator_base.cc:1726)
[0m
vector info (valid): (p, d, h, w) = (1, 83, 19, 34);
format = 
	 data size: 16
	  exp bits: 0
	  sign bit: 0
	exp offset: 13
vector info (valid): (p, d, h, w) = (1, 256, 19, 34);
format = 
	 data size: 8
	  exp bits: 0
	  sign bit: 0
	exp offset: 6
vector info (valid): (p, d, h, w) = (1, 128, 19, 34);
format = 
	 data size: 8
	  exp bits: 0
	  sign bit: 0
	exp offset: 6
vector info (valid): (p, d, h, w) = (1, 128, 19, 34);
format = 
	 data size: 8
	  exp bits: 0
	  sign bit: 0
	exp offset: 6
vector info (valid): (p, d, h, w) = (1, 128, 19, 34);
format = 
	 data size: 8
	  exp bits: 0
	  sign bit: 0
	exp offset: 6
vector info (valid): (p, d, h, w) = (1, 128, 19, 34);
format = 
	 data size: 8
	  exp bits: 0
	  sign bit: 0
	exp offset: 6
vector info (valid): (p, d, h, w) = (1, 128, 19, 34);
format = 
	 data size: 8
	  exp bits: 0
	  sign bit: 0
	exp offset: 6
vector info (valid): (p, d, h, w) = (1, 128, 19, 34);
format = 
	 data size: 8
	  exp bits: 0
	  sign bit: 0
	exp offset: 6
vector info (valid): (p, d, h, w) = (1, 128, 19, 34);
format = 
	 data size: 8
	  exp bits: 0
	  sign bit: 0
	exp offset: 6
vector info (valid): (p, d, h, w) = (1, 128, 19, 34);
format = 
	 data size: 8
	  exp bits: 0
	  sign bit: 0
	exp offset: 6
vector info (valid): (p, d, h, w) = (1, 128, 19, 34);
format = 
	 data size: 8
	  exp bits: 0
	  sign bit: 0
	exp offset: 6
vector info (valid): (p, d, h, w) = (1, 128, 19, 34);
format = 
	 data size: 8
	  exp bits: 0
	  sign bit: 0
	exp offset: 6
vector info (valid): (p, d, h, w) = (1, 128, 19, 34);
format = 
	 data size: 8
	  exp bits: 0
	  sign bit: 0
	exp offset: 6
vector info (valid): (p, d, h, w) = (1, 128, 19, 34);
format = 
	 data size: 8
	  exp bits: 0
	  sign bit: 0
	exp offset: 6
vector info (valid): (p, d, h, w) = (1, 256, 19, 34);
format = 
	 data size: 8
	  exp bits: 0
	  sign bit: 0
	exp offset: 6
vector info (valid): (p, d, h, w) = (1, 512, 19, 34);
format = 
	 data size: 8
	  exp bits: 0
	  sign bit: 0
	exp offset: 6
vector info (valid): (p, d, h, w) = (1, 512, 19, 34);
format = 
	 data size: 8
	  exp bits: 0
	  sign bit: 0
	exp offset: 6
vector info (valid): (p, d, h, w) = (1, 1024, 19, 34);
format = 
	 data size: 8
	  exp bits: 0
	  sign bit: 0
	exp offset: 6
vector info (valid): (p, d, h, w) = (1, 507, 19, 34);
format = 
	 data size: 8
	  exp bits: 0
	  sign bit: 0
	exp offset: 5
vector info (valid): (p, d, h, w) = (1, 128, 19, 34);
format = 
	 data size: 8
	  exp bits: 0
	  sign bit: 0
	exp offset: 4
vector info (valid): (p, d, h, w) = (1, 128, 38, 68);
format = 
	 data size: 8
	  exp bits: 0
	  sign bit: 0
	exp offset: 4
port(3) not found
port(3) not found
port(3) not found
port(3) not found
Stopping ADES CLI ... Bye bye
